------------------------------------------------------------
TimeQuest Timing Analyzer Summary
------------------------------------------------------------

Type  : Setup 'pll_hdmi|pll_hdmi_inst|altera_pll_i|cyclonev_pll|counter[0].output_counter|divclk'
Slack : 0.175
TNS   : 0.000

Type  : Setup 'emu|pll|pll_inst|altera_pll_i|cyclonev_pll|counter[0].output_counter|divclk'
Slack : 2.248
TNS   : 0.000

Type  : Setup 'emu|pll|pll_inst|altera_pll_i|cyclonev_pll|counter[2].output_counter|divclk'
Slack : 3.374
TNS   : 0.000

Type  : Setup 'sysmem|fpga_interfaces|clocks_resets|h2f_user0_clk'
Slack : 3.912
TNS   : 0.000

Type  : Setup 'FPGA_CLK2_50'
Slack : 4.125
TNS   : 0.000

Type  : Setup 'spi_sck'
Slack : 5.204
TNS   : 0.000

Type  : Setup 'FPGA_CLK1_50'
Slack : 8.003
TNS   : 0.000

Type  : Setup 'emu|pll|pll_inst|altera_pll_i|cyclonev_pll|counter[1].output_counter|divclk'
Slack : 9.374
TNS   : 0.000

Type  : Setup 'altera_reserved_tck'
Slack : 9.625
TNS   : 0.000

Type  : Setup 'pll_audio|pll_audio_inst|altera_pll_i|general[0].gpll~PLL_OUTPUT_COUNTER|divclk'
Slack : 13.512
TNS   : 0.000

Type  : Hold 'altera_reserved_tck'
Slack : 0.176
TNS   : 0.000

Type  : Hold 'pll_hdmi|pll_hdmi_inst|altera_pll_i|cyclonev_pll|counter[0].output_counter|divclk'
Slack : 0.180
TNS   : 0.000

Type  : Hold 'emu|pll|pll_inst|altera_pll_i|cyclonev_pll|counter[1].output_counter|divclk'
Slack : 0.251
TNS   : 0.000

Type  : Hold 'emu|pll|pll_inst|altera_pll_i|cyclonev_pll|counter[2].output_counter|divclk'
Slack : 0.259
TNS   : 0.000

Type  : Hold 'pll_audio|pll_audio_inst|altera_pll_i|general[0].gpll~PLL_OUTPUT_COUNTER|divclk'
Slack : 0.272
TNS   : 0.000

Type  : Hold 'spi_sck'
Slack : 0.338
TNS   : 0.000

Type  : Hold 'sysmem|fpga_interfaces|clocks_resets|h2f_user0_clk'
Slack : 0.340
TNS   : 0.000

Type  : Hold 'FPGA_CLK1_50'
Slack : 0.413
TNS   : 0.000

Type  : Hold 'FPGA_CLK2_50'
Slack : 0.419
TNS   : 0.000

Type  : Hold 'emu|pll|pll_inst|altera_pll_i|cyclonev_pll|counter[0].output_counter|divclk'
Slack : 0.439
TNS   : 0.000

Type  : Recovery 'pll_hdmi|pll_hdmi_inst|altera_pll_i|cyclonev_pll|counter[0].output_counter|divclk'
Slack : 4.112
TNS   : 0.000

Type  : Recovery 'sysmem|fpga_interfaces|clocks_resets|h2f_user0_clk'
Slack : 6.873
TNS   : 0.000

Type  : Recovery 'FPGA_CLK1_50'
Slack : 16.444
TNS   : 0.000

Type  : Recovery 'FPGA_CLK2_50'
Slack : 18.031
TNS   : 0.000

Type  : Recovery 'emu|pll|pll_inst|altera_pll_i|cyclonev_pll|counter[1].output_counter|divclk'
Slack : 21.014
TNS   : 0.000

Type  : Recovery 'altera_reserved_tck'
Slack : 29.494
TNS   : 0.000

Type  : Recovery 'emu|pll|pll_inst|altera_pll_i|cyclonev_pll|counter[2].output_counter|divclk'
Slack : 35.859
TNS   : 0.000

Type  : Removal 'altera_reserved_tck'
Slack : 0.805
TNS   : 0.000

Type  : Removal 'FPGA_CLK2_50'
Slack : 1.040
TNS   : 0.000

Type  : Removal 'FPGA_CLK1_50'
Slack : 1.316
TNS   : 0.000

Type  : Removal 'emu|pll|pll_inst|altera_pll_i|cyclonev_pll|counter[1].output_counter|divclk'
Slack : 1.364
TNS   : 0.000

Type  : Removal 'pll_hdmi|pll_hdmi_inst|altera_pll_i|cyclonev_pll|counter[0].output_counter|divclk'
Slack : 1.427
TNS   : 0.000

Type  : Removal 'sysmem|fpga_interfaces|clocks_resets|h2f_user0_clk'
Slack : 2.100
TNS   : 0.000

Type  : Removal 'emu|pll|pll_inst|altera_pll_i|cyclonev_pll|counter[2].output_counter|divclk'
Slack : 2.223
TNS   : 0.000

Type  : Minimum Pulse Width 'pll_hdmi|pll_hdmi_inst|altera_pll_i|cyclonev_pll|fpll_0|fpll|vcoph[0]'
Slack : 1.122
TNS   : 0.000

Type  : Minimum Pulse Width 'emu|pll|pll_inst|altera_pll_i|cyclonev_pll|fpll_0|fpll|vcoph[0]'
Slack : 1.164
TNS   : 0.000

Type  : Minimum Pulse Width 'pll_audio|pll_audio_inst|altera_pll_i|general[0].gpll~FRACTIONAL_PLL|vcoph[0]'
Slack : 1.196
TNS   : 0.000

Type  : Minimum Pulse Width 'pll_hdmi|pll_hdmi_inst|altera_pll_i|cyclonev_pll|counter[0].output_counter|divclk'
Slack : 1.926
TNS   : 0.000

Type  : Minimum Pulse Width 'sysmem|fpga_interfaces|clocks_resets|h2f_user0_clk'
Slack : 3.598
TNS   : 0.000

Type  : Minimum Pulse Width 'spi_sck'
Slack : 4.261
TNS   : 0.000

Type  : Minimum Pulse Width 'emu|pll|pll_inst|altera_pll_i|cyclonev_pll|counter[0].output_counter|divclk'
Slack : 4.387
TNS   : 0.000

Type  : Minimum Pulse Width 'FPGA_CLK2_50'
Slack : 9.204
TNS   : 0.000

Type  : Minimum Pulse Width 'FPGA_CLK1_50'
Slack : 9.211
TNS   : 0.000

Type  : Minimum Pulse Width 'FPGA_CLK3_50'
Slack : 9.730
TNS   : 0.000

Type  : Minimum Pulse Width 'emu|pll|pll_inst|altera_pll_i|cyclonev_pll|counter[1].output_counter|divclk'
Slack : 10.199
TNS   : 0.000

Type  : Minimum Pulse Width 'altera_reserved_tck'
Slack : 14.981
TNS   : 0.000

Type  : Minimum Pulse Width 'pll_audio|pll_audio_inst|altera_pll_i|general[0].gpll~PLL_OUTPUT_COUNTER|divclk'
Slack : 18.899
TNS   : 0.000

Type  : Minimum Pulse Width 'emu|pll|pll_inst|altera_pll_i|cyclonev_pll|counter[2].output_counter|divclk'
Slack : 21.838
TNS   : 0.000

------------------------------------------------------------
